// Jest Snapshot v1, https://goo.gl/fbAQLP

exports[`DetailsPage matches snapshot 1`] = `
<div>
  <div>
    <div>
      Loading ..
    </div>
  </div>
</div>
`;
