// Jest Snapshot v1, https://goo.gl/fbAQLP

exports[`Store store matches the snapshot 1`] = `
Object {
  "countries": Object {
    "countriesData": Array [],
    "countryDetailsData": Array [],
    "loading": false,
    "message": "",
    "searchName": "",
  },
}
`;
